2026-09-23T17:18:51Z INF Thank you for trying Cloudflare Tunnel. Doing so, without a Cloudflare account, is a quick way to experiment and try it out. However, be aware that these account-less Tunnels have no uptime guarantee, are subject to the Cloudflare Online Services Terms of Use (https://www.cloudflare.com/website-terms/), and Cloudflare reserves the right to investigate your use of Tunnels for violations of such terms. If you intend to use Tunnels in production you should use a pre-created named tunnel by following: https://developers.cloudflare.com/cloudflare-one/connections/connect-apps
2026-09-23T17:18:51Z INF Requesting new quick Tunnel on trycloudflare.com...
2026-09-23T17:18:59Z INF +--------------------------------------------------------------------------------------------+
2026-09-23T17:18:59Z INF |  Your quick Tunnel has been created! Visit it at (it may take some time to be reachable):  |
2026-09-23T17:18:59Z INF |  https://math-spent-myrtle-warranties.trycloudflare.com                                    |
2026-09-23T17:18:59Z INF +--------------------------------------------------------------------------------------------+
2026-09-23T17:18:59Z INF Cannot determine default configuration path. No file [config.yml config.yaml] in [~/.cloudflared ~/.cloudflare-warp ~/cloudflare-warp /etc/cloudflared /usr/local/etc/cloudflared]
2026-09-23T17:18:59Z INF Version 2026.5.2 (Checksum 5286698547f03df745adb2355f04c12dde52ef425491e81f433642d695521886)
2026-09-23T17:18:59Z INF GOOS: linux, GOVersion: go1.26.3, GoArch: amd64
2026-09-23T17:18:59Z INF Settings: map[ha-connections:1 protocol:quic url:http://localhost:5173]
2026-09-23T17:18:59Z INF cloudflared will not automatically update if installed by a package manager.
2026-09-23T17:18:59Z INF Generated Connector ID: c1e68abe-c463-4537-a04d-50c9bfbf005d
2026-09-23T17:18:59Z INF Initial protocol quic
2026-09-23T17:18:59Z INF ICMP proxy will use 192.168.1.9 as source for IPv4
2026-09-23T17:18:59Z INF ICMP proxy will use fe80::7266:55ff:feb2:e021 in zone wlp4s0 as source for IPv6
2026/09/24 00:18:59 failed to sufficiently increase receive buffer size (was: 208 kiB, wanted: 7168 kiB, got: 416 kiB). See https://github.com/quic-go/quic-go/wiki/UDP-Buffer-Sizes for details.
2026-09-23T17:18:59Z INF ICMP proxy will use 192.168.1.9 as source for IPv4
2026-09-23T17:18:59Z INF ICMP proxy will use fe80::7266:55ff:feb2:e021 in zone wlp4s0 as source for IPv6
2026-09-23T17:18:59Z INF Starting metrics server on 127.0.0.1:20241/metrics
2026-09-23T17:18:59Z INF Tunnel connection curve preferences: [X25519MLKEM768 CurveID(65074) CurveP256] connIndex=0 event=0 ip=198.41.192.27
2026-09-23T17:19:00Z INF Registered tunnel connection connIndex=0 connection=f9c4e4b6-7b0f-404b-ade8-e0ac31576c12 event=0 ip=198.41.192.27 location=vte02 protocol=quic
2026-09-23T17:19:09Z INF +-----------------------------------------------------------------------------------------------+
2026-09-23T17:19:09Z INF |                                    CONNECTIVITY PRE-CHECKS                                    |
2026-09-23T17:19:09Z INF +-----------------------------------------------------------------------------------------------+
2026-09-23T17:19:09Z INF |  COMPONENT         TARGET                     STATUS  DETAILS                                 |
2026-09-23T17:19:09Z INF |  DNS Resolution    region1.v2.argotunnel.com  PASS    DNS Resolved successfully               |
2026-09-23T17:19:09Z INF |  DNS Resolution    region2.v2.argotunnel.com  PASS    DNS Resolved successfully               |
2026-09-23T17:19:09Z INF |  UDP Connectivity  region1.v2.argotunnel.com  PASS    QUIC connection successful              |
2026-09-23T17:19:09Z INF |  UDP Connectivity  region2.v2.argotunnel.com  FAIL    QUIC connection failed                  |
2026-09-23T17:19:09Z INF |  TCP Connectivity  region1.v2.argotunnel.com  PASS    HTTP/2 connection successful            |
2026-09-23T17:19:09Z INF |  TCP Connectivity  region2.v2.argotunnel.com  PASS    HTTP/2 connection successful            |
2026-09-23T17:19:09Z INF |  Cloudflare API    api.cloudflare.com:443     PASS    API is reachable                        |
2026-09-23T17:19:09Z INF |  WARNING: Allow outbound QUIC traffic on port 7844 or use HTTP2.                              |
2026-09-23T17:19:09Z INF |                                                                                               |
2026-09-23T17:19:09Z INF |  SUMMARY: Environment ready with degraded transport. cloudflared will proceed using 'http2'.  |
2026-09-23T17:19:09Z INF +-----------------------------------------------------------------------------------------------+
2026-09-23T17:19:09Z INF precheck component="DNS Resolution" details="DNS Resolved successfully" run_id=90bae5c7-7146-4e85-b20b-fe095dd5bbf8 status=pass target=region1.v2.argotunnel.com
2026-09-23T17:19:09Z INF precheck component="DNS Resolution" details="DNS Resolved successfully" run_id=90bae5c7-7146-4e85-b20b-fe095dd5bbf8 status=pass target=region2.v2.argotunnel.com
2026-09-23T17:19:09Z INF precheck component="UDP Connectivity" details="QUIC connection successful" run_id=90bae5c7-7146-4e85-b20b-fe095dd5bbf8 status=pass target=region1.v2.argotunnel.com
2026-09-23T17:19:09Z INF precheck component="UDP Connectivity" details="QUIC connection failed" run_id=90bae5c7-7146-4e85-b20b-fe095dd5bbf8 status=fail target=region2.v2.argotunnel.com
2026-09-23T17:19:09Z INF precheck component="TCP Connectivity" details="HTTP/2 connection successful" run_id=90bae5c7-7146-4e85-b20b-fe095dd5bbf8 status=pass target=region1.v2.argotunnel.com
2026-09-23T17:19:09Z INF precheck component="TCP Connectivity" details="HTTP/2 connection successful" run_id=90bae5c7-7146-4e85-b20b-fe095dd5bbf8 status=pass target=region2.v2.argotunnel.com
2026-09-23T17:19:09Z INF precheck component="Cloudflare API" details="API is reachable" run_id=90bae5c7-7146-4e85-b20b-fe095dd5bbf8 status=pass target=api.cloudflare.com:443
2026-09-23T17:19:09Z INF precheck complete hard_fail=false run_id=90bae5c7-7146-4e85-b20b-fe095dd5bbf8 suggested_protocol=http2
